{
  "version": "1.5.0",
  "plugins_used": [
    {
      "name": "ArtifactoryDetector"
    },
    {
      "name": "AWSKeyDetector"
    },
    {
      "name": "AzureStorageKeyDetector"
    },
    {
      "name": "Base64HighEntropyString",
      "limit": 4.5
    },
    {
      "name": "BasicAuthDetector"
    },
    {
      "name": "CloudantDetector"
    },
    {
      "name": "DiscordBotTokenDetector"
    },
    {
      "name": "GitHubTokenDetector"
    },
    {
      "name": "GitLabTokenDetector"
    },
    {
      "name": "HexHighEntropyString",
      "limit": 3.0
    },
    {
      "name": "IbmCloudIamDetector"
    },
    {
      "name": "IbmCosHmacDetector"
    },
    {
      "name": "IPPublicDetector"
    },
    {
      "name": "JwtTokenDetector"
    },
    {
      "name": "KeywordDetector",
      "keyword_exclude": ""
    },
    {
      "name": "MailchimpDetector"
    },
    {
      "name": "NpmDetector"
    },
    {
      "name": "OpenAIDetector"
    },
    {
      "name": "PrivateKeyDetector"
    },
    {
      "name": "PypiTokenDetector"
    },
    {
      "name": "SendGridDetector"
    },
    {
      "name": "SlackDetector"
    },
    {
      "name": "SoftlayerDetector"
    },
    {
      "name": "SquareOAuthDetector"
    },
    {
      "name": "StripeDetector"
    },
    {
      "name": "TelegramBotTokenDetector"
    },
    {
      "name": "TwilioKeyDetector"
    }
  ],
  "filters_used": [
    {
      "path": "detect_secrets.filters.allowlist.is_line_allowlisted"
    },
    {
      "path": "detect_secrets.filters.common.is_ignored_due_to_verification_policies",
      "min_level": 2
    },
    {
      "path": "detect_secrets.filters.heuristic.is_indirect_reference"
    },
    {
      "path": "detect_secrets.filters.heuristic.is_likely_id_string"
    },
    {
      "path": "detect_secrets.filters.heuristic.is_lock_file"
    },
    {
      "path": "detect_secrets.filters.heuristic.is_not_alphanumeric_string"
    },
    {
      "path": "detect_secrets.filters.heuristic.is_potential_uuid"
    },
    {
      "path": "detect_secrets.filters.heuristic.is_prefixed_with_dollar_sign"
    },
    {
      "path": "detect_secrets.filters.heuristic.is_sequential_string"
    },
    {
      "path": "detect_secrets.filters.heuristic.is_swagger_file"
    },
    {
      "path": "detect_secrets.filters.heuristic.is_templated_secret"
    },
    {
      "path": "detect_secrets.filters.regex.should_exclude_file",
      "pattern": [
        "\\.env$",
        "\\.env\\.local$",
        "\\.lock$",
        "pnpm-lock\\.yaml$",
        "\\.venv/",
        "node_modules/",
        "external/",
        "examples/"
      ]
    },
    {
      "path": "detect_secrets.filters.regex.should_exclude_secret",
      "pattern": [
        "REDACTED_",
        "change-me-in-production",
        "dev-secret-key",
        "postgres:postgres@localhost"
      ]
    }
  ],
  "results": {
    ".claude/skills/billing-automation/omoios_billing_reference.md": [
      {
        "type": "Secret Keyword",
        "filename": ".claude/skills/billing-automation/omoios_billing_reference.md",
        "hashed_secret": "c7a8c334eef5d1749fface7d42c66f9ae5e8cf36",
        "is_verified": false,
        "line_number": 159
      }
    ],
    ".claude/skills/paypal-integration/SKILL.md": [
      {
        "type": "Secret Keyword",
        "filename": ".claude/skills/paypal-integration/SKILL.md",
        "hashed_secret": "4828aeee87a0527949cb106d4c50ae10fd333cef",
        "is_verified": false,
        "line_number": 96
      }
    ],
    ".claude/skills/pci-compliance/SKILL.md": [
      {
        "type": "Secret Keyword",
        "filename": ".claude/skills/pci-compliance/SKILL.md",
        "hashed_secret": "3a85d0169ee6633b28d36ddcb665ece099241911",
        "is_verified": false,
        "line_number": 135
      }
    ],
    ".claude/skills/spec-driven-dev/references/design_output.json": [
      {
        "type": "Secret Keyword",
        "filename": ".claude/skills/spec-driven-dev/references/design_output.json",
        "hashed_secret": "e3f53297f359c4d8331e5f7652370440efb808f2",
        "is_verified": false,
        "line_number": 16
      }
    ],
    ".claude/skills/stripe-integration/SKILL.md": [
      {
        "type": "Secret Keyword",
        "filename": ".claude/skills/stripe-integration/SKILL.md",
        "hashed_secret": "d45082517bc6c093fec956bd1709b44548feb2fb",
        "is_verified": false,
        "line_number": 67
      },
      {
        "type": "Secret Keyword",
        "filename": ".claude/skills/stripe-integration/SKILL.md",
        "hashed_secret": "9d1a8d8480340f9fbc3e556ab08a6a54b68ca09d",
        "is_verified": false,
        "line_number": 215
      }
    ],
    ".cursor/Dockerfile.cloud-agent": [
      {
        "type": "Basic Auth Credentials",
        "filename": ".cursor/Dockerfile.cloud-agent",
        "hashed_secret": "afc848c316af1a89d49826c5ae9d00ed769415f3",
        "is_verified": false,
        "line_number": 9
      }
    ],
    ".cursor/plans/process_separation_via_docker_e4d3c643.plan.md": [
      {
        "type": "Basic Auth Credentials",
        "filename": ".cursor/plans/process_separation_via_docker_e4d3c643.plan.md",
        "hashed_secret": "afc848c316af1a89d49826c5ae9d00ed769415f3",
        "is_verified": false,
        "line_number": 105
      }
    ],
    ".env.example": [
      {
        "type": "Basic Auth Credentials",
        "filename": ".env.example",
        "hashed_secret": "afc848c316af1a89d49826c5ae9d00ed769415f3",
        "is_verified": false,
        "line_number": 10
      }
    ],
    "backend/.env.example": [
      {
        "type": "Basic Auth Credentials",
        "filename": "backend/.env.example",
        "hashed_secret": "afc848c316af1a89d49826c5ae9d00ed769415f3",
        "is_verified": false,
        "line_number": 33
      }
    ],
    "backend/CLAUDE.md": [
      {
        "type": "Basic Auth Credentials",
        "filename": "backend/CLAUDE.md",
        "hashed_secret": "5baa61e4c9b93f3f0682250b6cf8331b7ee68fd8",
        "is_verified": false,
        "line_number": 609
      }
    ],
    "backend/Dockerfile.cloud-agent": [
      {
        "type": "Basic Auth Credentials",
        "filename": "backend/Dockerfile.cloud-agent",
        "hashed_secret": "afc848c316af1a89d49826c5ae9d00ed769415f3",
        "is_verified": false,
        "line_number": 9
      }
    ],
    "backend/README.md": [
      {
        "type": "Basic Auth Credentials",
        "filename": "backend/README.md",
        "hashed_secret": "87d676e1f13e3c59faec191716f8cbd3b00b08e3",
        "is_verified": false,
        "line_number": 41
      }
    ],
    "backend/alembic.ini": [
      {
        "type": "Basic Auth Credentials",
        "filename": "backend/alembic.ini",
        "hashed_secret": "afc848c316af1a89d49826c5ae9d00ed769415f3",
        "is_verified": false,
        "line_number": 3
      }
    ],
    "backend/config.py": [
      {
        "type": "Basic Auth Credentials",
        "filename": "backend/config.py",
        "hashed_secret": "afc848c316af1a89d49826c5ae9d00ed769415f3",
        "is_verified": false,
        "line_number": 61
      }
    ],
    "backend/config/base.yaml": [
      {
        "type": "Basic Auth Credentials",
        "filename": "backend/config/base.yaml",
        "hashed_secret": "afc848c316af1a89d49826c5ae9d00ed769415f3",
        "is_verified": false,
        "line_number": 9
      }
    ],
    "backend/config/local.yaml": [
      {
        "type": "Basic Auth Credentials",
        "filename": "backend/config/local.yaml",
        "hashed_secret": "afc848c316af1a89d49826c5ae9d00ed769415f3",
        "is_verified": false,
        "line_number": 13
      }
    ],
    "backend/config/production.yaml": [
      {
        "type": "Basic Auth Credentials",
        "filename": "backend/config/production.yaml",
        "hashed_secret": "afc848c316af1a89d49826c5ae9d00ed769415f3",
        "is_verified": false,
        "line_number": 13
      }
    ],
    "backend/docker-compose.yml": [
      {
        "type": "Secret Keyword",
        "filename": "backend/docker-compose.yml",
        "hashed_secret": "afc848c316af1a89d49826c5ae9d00ed769415f3",
        "is_verified": false,
        "line_number": 7
      }
    ],
    "backend/docs/AGENT_SERVER_SANDBOX_TESTING.md": [
      {
        "type": "Secret Keyword",
        "filename": "backend/docs/AGENT_SERVER_SANDBOX_TESTING.md",
        "hashed_secret": "02a866fd2cd01a25beeb7c90da6e51cba996a9bc",
        "is_verified": false,
        "line_number": 445
      },
      {
        "type": "Secret Keyword",
        "filename": "backend/docs/AGENT_SERVER_SANDBOX_TESTING.md",
        "hashed_secret": "6d9c68c603e465077bdd49c62347fe54717f83a3",
        "is_verified": false,
        "line_number": 499
      }
    ],
    "backend/docs/E2E_TESTING_PLAN.md": [
      {
        "type": "Basic Auth Credentials",
        "filename": "backend/docs/E2E_TESTING_PLAN.md",
        "hashed_secret": "afc848c316af1a89d49826c5ae9d00ed769415f3",
        "is_verified": false,
        "line_number": 487
      }
    ],
    "backend/docs/SANDBOX_TESTING_DAYTONA.md": [
      {
        "type": "Secret Keyword",
        "filename": "backend/docs/SANDBOX_TESTING_DAYTONA.md",
        "hashed_secret": "d3c6242f3ad76f89e0a278ba3bcd23c9a3ab4698",
        "is_verified": false,
        "line_number": 505
      },
      {
        "type": "Secret Keyword",
        "filename": "backend/docs/SANDBOX_TESTING_DAYTONA.md",
        "hashed_secret": "963f2ecaf54afc3170a8f4e156fb657341cca452",
        "is_verified": false,
        "line_number": 506
      }
    ],
    "backend/docs/analytics/server-side-tracking.md": [
      {
        "type": "Secret Keyword",
        "filename": "backend/docs/analytics/server-side-tracking.md",
        "hashed_secret": "285b5e63d074bb9107e03b8283ef5e5591316e99",
        "is_verified": false,
        "line_number": 29
      }
    ],
    "backend/docs/guides/async_python_patterns.md": [
      {
        "type": "Basic Auth Credentials",
        "filename": "backend/docs/guides/async_python_patterns.md",
        "hashed_secret": "9d4e1e23bd5b727046a9e3b4b7db57bd8d6ee684",
        "is_verified": false,
        "line_number": 250
      }
    ],
    "backend/migrations/versions/030_auth_system_foundation.py": [
      {
        "type": "Hex High Entropy String",
        "filename": "backend/migrations/versions/030_auth_system_foundation.py",
        "hashed_secret": "1e855837d04a1315a37e5b015497b18a1692a734",
        "is_verified": false,
        "line_number": 34
      }
    ],
    "backend/migrations/versions/032_add_specs_tables.py": [
      {
        "type": "Hex High Entropy String",
        "filename": "backend/migrations/versions/032_add_specs_tables.py",
        "hashed_secret": "162b554216c38a283a57f525bfa6831f3671a532",
        "is_verified": false,
        "line_number": 14
      }
    ],
    "backend/migrations/versions/0c38fc9dec4b_add_conductor_analyses_and_ticket_.py": [
      {
        "type": "Hex High Entropy String",
        "filename": "backend/migrations/versions/0c38fc9dec4b_add_conductor_analyses_and_ticket_.py",
        "hashed_secret": "877144d08d4c54d351f84bfa03fa08ee241020e5",
        "is_verified": false,
        "line_number": 13
      }
    ],
    "backend/migrations/versions/7b9a14289450_add_missing_intelligent_monitoring_.py": [
      {
        "type": "Hex High Entropy String",
        "filename": "backend/migrations/versions/7b9a14289450_add_missing_intelligent_monitoring_.py",
        "hashed_secret": "1e855837d04a1315a37e5b015497b18a1692a734",
        "is_verified": false,
        "line_number": 19
      }
    ],
    "backend/migrations/versions/8ecd4525d261_add_spec_archived_field.py": [
      {
        "type": "Hex High Entropy String",
        "filename": "backend/migrations/versions/8ecd4525d261_add_spec_archived_field.py",
        "hashed_secret": "163c0405a0175aed9cb0f52aafe887d34b95e7b9",
        "is_verified": false,
        "line_number": 15
      }
    ],
    "backend/migrations/versions/9f4e5dc42483_add_title_and_updated_at_to_tasks.py": [
      {
        "type": "Hex High Entropy String",
        "filename": "backend/migrations/versions/9f4e5dc42483_add_title_and_updated_at_to_tasks.py",
        "hashed_secret": "3bc31dff3866f39123d16175a678076dc29377d8",
        "is_verified": false,
        "line_number": 15
      }
    ],
    "backend/migrations/versions/b3c27dc6fc52_add_previous_phase_id_to_tickets.py": [
      {
        "type": "Hex High Entropy String",
        "filename": "backend/migrations/versions/b3c27dc6fc52_add_previous_phase_id_to_tickets.py",
        "hashed_secret": "c28ea4202eb31851510806bbe5479209f03d8435",
        "is_verified": false,
        "line_number": 29
      }
    ],
    "backend/migrations/versions/b52490b4c2a8_merge_user_credentials_into_main.py": [
      {
        "type": "Hex High Entropy String",
        "filename": "backend/migrations/versions/b52490b4c2a8_merge_user_credentials_into_main.py",
        "hashed_secret": "1f5b58742832b3ad0c7dce12a94979582b1117fa",
        "is_verified": false,
        "line_number": 15
      }
    ],
    "backend/migrations/versions/c7dd654683a8_create_projects_table.py": [
      {
        "type": "Hex High Entropy String",
        "filename": "backend/migrations/versions/c7dd654683a8_create_projects_table.py",
        "hashed_secret": "162b554216c38a283a57f525bfa6831f3671a532",
        "is_verified": false,
        "line_number": 17
      }
    ],
    "backend/migrations/versions/e501a87d0d23_add_ticketing_tables.py": [
      {
        "type": "Hex High Entropy String",
        "filename": "backend/migrations/versions/e501a87d0d23_add_ticketing_tables.py",
        "hashed_secret": "efe7219b19b7af1b5e4b3a8e971c8a8f5b4ef818",
        "is_verified": false,
        "line_number": 15
      }
    ],
    "backend/omoi_os/config.py": [
      {
        "type": "Basic Auth Credentials",
        "filename": "backend/omoi_os/config.py",
        "hashed_secret": "afc848c316af1a89d49826c5ae9d00ed769415f3",
        "is_verified": false,
        "line_number": 249
      }
    ],
    "backend/omoi_os/sandbox_skills/spec-driven-dev/references/design_output.json": [
      {
        "type": "Secret Keyword",
        "filename": "backend/omoi_os/sandbox_skills/spec-driven-dev/references/design_output.json",
        "hashed_secret": "e3f53297f359c4d8331e5f7652370440efb808f2",
        "is_verified": false,
        "line_number": 16
      }
    ],
    "backend/omoi_os/services/agent_conflict_resolver.py": [
      {
        "type": "Secret Keyword",
        "filename": "backend/omoi_os/services/agent_conflict_resolver.py",
        "hashed_secret": "c7a8c334eef5d1749fface7d42c66f9ae5e8cf36",
        "is_verified": false,
        "line_number": 87
      }
    ],
    "backend/omoi_os/services/credentials.py": [
      {
        "type": "Secret Keyword",
        "filename": "backend/omoi_os/services/credentials.py",
        "hashed_secret": "f8ca0d7266886f4b5be9adddc9b66017b3bf1a4b",
        "is_verified": false,
        "line_number": 110
      },
      {
        "type": "Secret Keyword",
        "filename": "backend/omoi_os/services/credentials.py",
        "hashed_secret": "02ecb94373bfb3dfe827ca18409f50b016e8302a",
        "is_verified": false,
        "line_number": 116
      }
    ],
    "backend/omoi_os/services/database.py": [
      {
        "type": "Basic Auth Credentials",
        "filename": "backend/omoi_os/services/database.py",
        "hashed_secret": "9d4e1e23bd5b727046a9e3b4b7db57bd8d6ee684",
        "is_verified": false,
        "line_number": 66
      }
    ],
    "backend/omoi_os/services/daytona_spawner.py": [
      {
        "type": "Secret Keyword",
        "filename": "backend/omoi_os/services/daytona_spawner.py",
        "hashed_secret": "b75381f00486e5b8409bb3475762882a8ac61715",
        "is_verified": false,
        "line_number": 337
      },
      {
        "type": "Secret Keyword",
        "filename": "backend/omoi_os/services/daytona_spawner.py",
        "hashed_secret": "c1d4f32e7f966c39ef4e8b5b0367097acc6b00a8",
        "is_verified": false,
        "line_number": 371
      },
      {
        "type": "Secret Keyword",
        "filename": "backend/omoi_os/services/daytona_spawner.py",
        "hashed_secret": "ab24035195e5fc6d5a8320b12d652b40cf4176dd",
        "is_verified": false,
        "line_number": 809
      }
    ],
    "backend/omoi_os/workspace/daytona_sdk.py": [
      {
        "type": "Secret Keyword",
        "filename": "backend/omoi_os/workspace/daytona_sdk.py",
        "hashed_secret": "6d9c68c603e465077bdd49c62347fe54717f83a3",
        "is_verified": false,
        "line_number": 18
      }
    ],
    "backend/scripts/setup_test_environment.sh": [
      {
        "type": "Basic Auth Credentials",
        "filename": "backend/scripts/setup_test_environment.sh",
        "hashed_secret": "afc848c316af1a89d49826c5ae9d00ed769415f3",
        "is_verified": false,
        "line_number": 31
      }
    ],
    "backend/scripts/test_auth_system.py": [
      {
        "type": "Secret Keyword",
        "filename": "backend/scripts/test_auth_system.py",
        "hashed_secret": "7261c26675da26ca517de8a406d9ee3f099bd18b",
        "is_verified": false,
        "line_number": 59
      }
    ],
    "backend/scripts/test_multitenant_api.py": [
      {
        "type": "Secret Keyword",
        "filename": "backend/scripts/test_multitenant_api.py",
        "hashed_secret": "dd1ecd75f4a046d56aa30ddbffce64e1806a9334",
        "is_verified": false,
        "line_number": 17
      }
    ],
    "backend/scripts/test_worker_config.py": [
      {
        "type": "Secret Keyword",
        "filename": "backend/scripts/test_worker_config.py",
        "hashed_secret": "124e78ae99eaf03c7f5a2f4e46f44da5fa57b7f0",
        "is_verified": false,
        "line_number": 57
      }
    ],
    "backend/scripts/testing/test_validation_flow.py": [
      {
        "type": "Secret Keyword",
        "filename": "backend/scripts/testing/test_validation_flow.py",
        "hashed_secret": "fe1bae27cb7c1fb823f496f286e78f1d2ae87734",
        "is_verified": false,
        "line_number": 53
      },
      {
        "type": "Hex High Entropy String",
        "filename": "backend/scripts/testing/test_validation_flow.py",
        "hashed_secret": "90bd1b48e958257948487b90bee080ba5ed00caa",
        "is_verified": false,
        "line_number": 179
      }
    ],
    "backend/tests/api/test_auth_api.py": [
      {
        "type": "Secret Keyword",
        "filename": "backend/tests/api/test_auth_api.py",
        "hashed_secret": "72559b51f94a7a3ad058c5740cbe2f7cb0d4080b",
        "is_verified": false,
        "line_number": 55
      },
      {
        "type": "Secret Keyword",
        "filename": "backend/tests/api/test_auth_api.py",
        "hashed_secret": "29c48a6839cce1bdf6566603b617f01b11a5c585",
        "is_verified": false,
        "line_number": 167
      },
      {
        "type": "Secret Keyword",
        "filename": "backend/tests/api/test_auth_api.py",
        "hashed_secret": "ab3eb0f868f05373c611a6c904ae319ff0772c0c",
        "is_verified": false,
        "line_number": 189
      },
      {
        "type": "Secret Keyword",
        "filename": "backend/tests/api/test_auth_api.py",
        "hashed_secret": "98e540ffae8223c143f1453da4c8604ca943213e",
        "is_verified": false,
        "line_number": 214
      },
      {
        "type": "Secret Keyword",
        "filename": "backend/tests/api/test_auth_api.py",
        "hashed_secret": "6bf40e045c86eff27f948886179f13f54638cc5e",
        "is_verified": false,
        "line_number": 227
      }
    ],
    "backend/tests/check_result_structure.py": [
      {
        "type": "Secret Keyword",
        "filename": "backend/tests/check_result_structure.py",
        "hashed_secret": "ae32e2f443bb4ee0ac83ac4534c0eba2bc2c6ec7",
        "is_verified": false,
        "line_number": 6
      }
    ],
    "backend/tests/conftest.py": [
      {
        "type": "Secret Keyword",
        "filename": "backend/tests/conftest.py",
        "hashed_secret": "6731834487e9dd32ec3df63994d996da1133dbb9",
        "is_verified": false,
        "line_number": 60
      },
      {
        "type": "Secret Keyword",
        "filename": "backend/tests/conftest.py",
        "hashed_secret": "f4661dbb67fad1fc4d25f0fddf07479e70ae0771",
        "is_verified": false,
        "line_number": 178
      },
      {
        "type": "Basic Auth Credentials",
        "filename": "backend/tests/conftest.py",
        "hashed_secret": "afc848c316af1a89d49826c5ae9d00ed769415f3",
        "is_verified": false,
        "line_number": 243
      }
    ],
    "backend/tests/integration/test_convergence_merge.py": [
      {
        "type": "Hex High Entropy String",
        "filename": "backend/tests/integration/test_convergence_merge.py",
        "hashed_secret": "90bd1b48e958257948487b90bee080ba5ed00caa",
        "is_verified": false,
        "line_number": 129
      },
      {
        "type": "Hex High Entropy String",
        "filename": "backend/tests/integration/test_convergence_merge.py",
        "hashed_secret": "a3d2709ddb4695bf7c836222de3fcdba279a129c",
        "is_verified": false,
        "line_number": 132
      }
    ],
    "backend/tests/integration/test_spec_driven_workflow.py": [
      {
        "type": "Secret Keyword",
        "filename": "backend/tests/integration/test_spec_driven_workflow.py",
        "hashed_secret": "f4661dbb67fad1fc4d25f0fddf07479e70ae0771",
        "is_verified": false,
        "line_number": 254
      }
    ],
    "backend/tests/integration/test_validation_integration.py": [
      {
        "type": "Hex High Entropy String",
        "filename": "backend/tests/integration/test_validation_integration.py",
        "hashed_secret": "b4c9248600a42f8c38c01b632f392dbcb4c7b19a",
        "is_verified": false,
        "line_number": 134
      }
    ],
    "backend/tests/test_auth_service.py": [
      {
        "type": "Secret Keyword",
        "filename": "backend/tests/test_auth_service.py",
        "hashed_secret": "6731834487e9dd32ec3df63994d996da1133dbb9",
        "is_verified": false,
        "line_number": 19
      },
      {
        "type": "Secret Keyword",
        "filename": "backend/tests/test_auth_service.py",
        "hashed_secret": "7261c26675da26ca517de8a406d9ee3f099bd18b",
        "is_verified": false,
        "line_number": 69
      },
      {
        "type": "Secret Keyword",
        "filename": "backend/tests/test_auth_service.py",
        "hashed_secret": "7aba1f215ea9178aceb8b78683a28f8eb20c7d58",
        "is_verified": false,
        "line_number": 173
      },
      {
        "type": "Secret Keyword",
        "filename": "backend/tests/test_auth_service.py",
        "hashed_secret": "d7f950348a5a24098ae13617863ae4c6db8a60fd",
        "is_verified": false,
        "line_number": 198
      },
      {
        "type": "Secret Keyword",
        "filename": "backend/tests/test_auth_service.py",
        "hashed_secret": "1ded3053d0363079a4e681a3b700435d6d880290",
        "is_verified": false,
        "line_number": 207
      },
      {
        "type": "Secret Keyword",
        "filename": "backend/tests/test_auth_service.py",
        "hashed_secret": "14578ef6b92cbaea2e5c8678a7cf1ed2b665a6c8",
        "is_verified": false,
        "line_number": 243
      },
      {
        "type": "Secret Keyword",
        "filename": "backend/tests/test_auth_service.py",
        "hashed_secret": "b2e98ad6f6eb8508dd6a14cfa704bad7f05f6fb1",
        "is_verified": false,
        "line_number": 253
      },
      {
        "type": "Secret Keyword",
        "filename": "backend/tests/test_auth_service.py",
        "hashed_secret": "42f6c37f356183f42a67d9e0ae515bb51d7590cf",
        "is_verified": false,
        "line_number": 405
      },
      {
        "type": "Secret Keyword",
        "filename": "backend/tests/test_auth_service.py",
        "hashed_secret": "f59f2690d9b2f9408b24136f29d7f5edc3d81359",
        "is_verified": false,
        "line_number": 435
      }
    ],
    "backend/tests/test_auth_unit.py": [
      {
        "type": "Secret Keyword",
        "filename": "backend/tests/test_auth_unit.py",
        "hashed_secret": "6731834487e9dd32ec3df63994d996da1133dbb9",
        "is_verified": false,
        "line_number": 23
      },
      {
        "type": "Secret Keyword",
        "filename": "backend/tests/test_auth_unit.py",
        "hashed_secret": "7261c26675da26ca517de8a406d9ee3f099bd18b",
        "is_verified": false,
        "line_number": 43
      }
    ],
    "backend/tests/test_authorization_service.py": [
      {
        "type": "Secret Keyword",
        "filename": "backend/tests/test_authorization_service.py",
        "hashed_secret": "6318553899daae2941718c02508aeee938af1a1c",
        "is_verified": false,
        "line_number": 60
      }
    ],
    "backend/tests/test_config_settings.py": [
      {
        "type": "Secret Keyword",
        "filename": "backend/tests/test_config_settings.py",
        "hashed_secret": "c92b9809dacd9240dc85e86da6388e9b1bfc8a7d",
        "is_verified": false,
        "line_number": 39
      },
      {
        "type": "Secret Keyword",
        "filename": "backend/tests/test_config_settings.py",
        "hashed_secret": "5ef3af6cd9b5aa907fa618fac829baaec6763b42",
        "is_verified": false,
        "line_number": 71
      },
      {
        "type": "Secret Keyword",
        "filename": "backend/tests/test_config_settings.py",
        "hashed_secret": "ebd81447b2bf3fb1b99a571785e8b04ab1e9465f",
        "is_verified": false,
        "line_number": 131
      }
    ],
    "backend/tests/test_fastmcp_server.py": [
      {
        "type": "Basic Auth Credentials",
        "filename": "backend/tests/test_fastmcp_server.py",
        "hashed_secret": "afc848c316af1a89d49826c5ae9d00ed769415f3",
        "is_verified": false,
        "line_number": 19
      }
    ],
    "backend/tests/test_gateway_simple.py": [
      {
        "type": "Secret Keyword",
        "filename": "backend/tests/test_gateway_simple.py",
        "hashed_secret": "ae32e2f443bb4ee0ac83ac4534c0eba2bc2c6ec7",
        "is_verified": false,
        "line_number": 6
      }
    ],
    "backend/tests/test_validation_system.py": [
      {
        "type": "Hex High Entropy String",
        "filename": "backend/tests/test_validation_system.py",
        "hashed_secret": "90bd1b48e958257948487b90bee080ba5ed00caa",
        "is_verified": false,
        "line_number": 139
      }
    ],
    "backend/tests/unit/services/test_daytona_spawner.py": [
      {
        "type": "Secret Keyword",
        "filename": "backend/tests/unit/services/test_daytona_spawner.py",
        "hashed_secret": "2e7a7ee14caebf378fc32d6cf6f557f347c96773",
        "is_verified": false,
        "line_number": 19
      }
    ],
    "backend/tests/unit/services/test_github_integration_pr.py": [
      {
        "type": "Hex High Entropy String",
        "filename": "backend/tests/unit/services/test_github_integration_pr.py",
        "hashed_secret": "90bd1b48e958257948487b90bee080ba5ed00caa",
        "is_verified": false,
        "line_number": 317
      }
    ],
    "docker-compose.yml": [
      {
        "type": "Secret Keyword",
        "filename": "docker-compose.yml",
        "hashed_secret": "87d676e1f13e3c59faec191716f8cbd3b00b08e3",
        "is_verified": false,
        "line_number": 8
      }
    ],
    "docs/MONOREPO_MIGRATION_PLAN.md": [
      {
        "type": "Basic Auth Credentials",
        "filename": "docs/MONOREPO_MIGRATION_PLAN.md",
        "hashed_secret": "87d676e1f13e3c59faec191716f8cbd3b00b08e3",
        "is_verified": false,
        "line_number": 271
      }
    ],
    "docs/architecture/12-configuration-system.md": [
      {
        "type": "Basic Auth Credentials",
        "filename": "docs/architecture/12-configuration-system.md",
        "hashed_secret": "9d4e1e23bd5b727046a9e3b4b7db57bd8d6ee684",
        "is_verified": false,
        "line_number": 69
      }
    ],
    "docs/architecture/configuration/configuration_architecture.md": [
      {
        "type": "Basic Auth Credentials",
        "filename": "docs/architecture/configuration/configuration_architecture.md",
        "hashed_secret": "e5e9fa1ba31ecd1ae84f75caaa474f3a663f05f4",
        "is_verified": false,
        "line_number": 191
      },
      {
        "type": "Basic Auth Credentials",
        "filename": "docs/architecture/configuration/configuration_architecture.md",
        "hashed_secret": "afc848c316af1a89d49826c5ae9d00ed769415f3",
        "is_verified": false,
        "line_number": 239
      }
    ],
    "docs/auth-system-quick-reference.md": [
      {
        "type": "Basic Auth Credentials",
        "filename": "docs/auth-system-quick-reference.md",
        "hashed_secret": "9d4e1e23bd5b727046a9e3b4b7db57bd8d6ee684",
        "is_verified": false,
        "line_number": 114
      },
      {
        "type": "Secret Keyword",
        "filename": "docs/auth-system-quick-reference.md",
        "hashed_secret": "72559b51f94a7a3ad058c5740cbe2f7cb0d4080b",
        "is_verified": false,
        "line_number": 270
      }
    ],
    "docs/design/agents/workspace_isolation_system.md": [
      {
        "type": "Hex High Entropy String",
        "filename": "docs/design/agents/workspace_isolation_system.md",
        "hashed_secret": "90bd1b48e958257948487b90bee080ba5ed00caa",
        "is_verified": false,
        "line_number": 120
      }
    ],
    "docs/design/auth/supabase_auth_integration.md": [
      {
        "type": "Basic Auth Credentials",
        "filename": "docs/design/auth/supabase_auth_integration.md",
        "hashed_secret": "0c4d0f8815d5c7c49a6e15df2b59d2abc88748fa",
        "is_verified": false,
        "line_number": 28
      },
      {
        "type": "Basic Auth Credentials",
        "filename": "docs/design/auth/supabase_auth_integration.md",
        "hashed_secret": "afc848c316af1a89d49826c5ae9d00ed769415f3",
        "is_verified": false,
        "line_number": 1111
      }
    ],
    "docs/design/configuration/config_migration_guide.md": [
      {
        "type": "Basic Auth Credentials",
        "filename": "docs/design/configuration/config_migration_guide.md",
        "hashed_secret": "afc848c316af1a89d49826c5ae9d00ed769415f3",
        "is_verified": false,
        "line_number": 21
      }
    ],
    "docs/design/guides/ai_powered_document_organization.md": [
      {
        "type": "Secret Keyword",
        "filename": "docs/design/guides/ai_powered_document_organization.md",
        "hashed_secret": "8ed4322e8e2790b8c928d381ce8d07cfd966e909",
        "is_verified": false,
        "line_number": 540
      }
    ],
    "docs/design/memory/memory_system.md": [
      {
        "type": "Secret Keyword",
        "filename": "docs/design/memory/memory_system.md",
        "hashed_secret": "5baa61e4c9b93f3f0682250b6cf8331b7ee68fd8",
        "is_verified": false,
        "line_number": 2161
      }
    ],
    "docs/design/sandbox-agents/GET_WORKING_NOW.md": [
      {
        "type": "Secret Keyword",
        "filename": "docs/design/sandbox-agents/GET_WORKING_NOW.md",
        "hashed_secret": "6d9c68c603e465077bdd49c62347fe54717f83a3",
        "is_verified": false,
        "line_number": 99
      }
    ],
    "docs/design/services/async_sqlalchemy_migration_plan.md": [
      {
        "type": "Basic Auth Credentials",
        "filename": "docs/design/services/async_sqlalchemy_migration_plan.md",
        "hashed_secret": "9d4e1e23bd5b727046a9e3b4b7db57bd8d6ee684",
        "is_verified": false,
        "line_number": 388
      }
    ],
    "docs/design/services/project_management_dashboard_api.md": [
      {
        "type": "Secret Keyword",
        "filename": "docs/design/services/project_management_dashboard_api.md",
        "hashed_secret": "5baa61e4c9b93f3f0682250b6cf8331b7ee68fd8",
        "is_verified": false,
        "line_number": 1449
      }
    ],
    "docs/design/testing/intelligent_monitoring_testing_guide.md": [
      {
        "type": "Basic Auth Credentials",
        "filename": "docs/design/testing/intelligent_monitoring_testing_guide.md",
        "hashed_secret": "5baa61e4c9b93f3f0682250b6cf8331b7ee68fd8",
        "is_verified": false,
        "line_number": 154
      },
      {
        "type": "Basic Auth Credentials",
        "filename": "docs/design/testing/intelligent_monitoring_testing_guide.md",
        "hashed_secret": "afc848c316af1a89d49826c5ae9d00ed769415f3",
        "is_verified": false,
        "line_number": 251
      }
    ],
    "docs/design/testing/test_organization_testmon.md.md": [
      {
        "type": "Basic Auth Credentials",
        "filename": "docs/design/testing/test_organization_testmon.md.md",
        "hashed_secret": "afc848c316af1a89d49826c5ae9d00ed769415f3",
        "is_verified": false,
        "line_number": 200
      }
    ],
    "docs/guides/DOCKER_CLOUD_AGENT.md": [
      {
        "type": "Basic Auth Credentials",
        "filename": "docs/guides/DOCKER_CLOUD_AGENT.md",
        "hashed_secret": "afc848c316af1a89d49826c5ae9d00ed769415f3",
        "is_verified": false,
        "line_number": 36
      }
    ],
    "docs/implementation/agents/phase3_multi_agent_coordination_complete.md": [
      {
        "type": "Basic Auth Credentials",
        "filename": "docs/implementation/agents/phase3_multi_agent_coordination_complete.md",
        "hashed_secret": "afc848c316af1a89d49826c5ae9d00ed769415f3",
        "is_verified": false,
        "line_number": 542
      }
    ],
    "docs/implementation/auth/auth_system_complete.md": [
      {
        "type": "Secret Keyword",
        "filename": "docs/implementation/auth/auth_system_complete.md",
        "hashed_secret": "20b05c695ef1f14caa80ab1ce617d503ba9de093",
        "is_verified": false,
        "line_number": 363
      }
    ],
    "docs/implementation/auth/auth_system_deployed.md.md": [
      {
        "type": "Secret Keyword",
        "filename": "docs/implementation/auth/auth_system_deployed.md.md",
        "hashed_secret": "20b05c695ef1f14caa80ab1ce617d503ba9de093",
        "is_verified": false,
        "line_number": 231
      }
    ],
    "docs/implementation/auth/auth_system_implementation_status.md": [
      {
        "type": "Secret Keyword",
        "filename": "docs/implementation/auth/auth_system_implementation_status.md",
        "hashed_secret": "20b05c695ef1f14caa80ab1ce617d503ba9de093",
        "is_verified": false,
        "line_number": 406
      }
    ],
    "docs/implementation/memory/phase5_memory_implementation.md": [
      {
        "type": "Basic Auth Credentials",
        "filename": "docs/implementation/memory/phase5_memory_implementation.md",
        "hashed_secret": "afc848c316af1a89d49826c5ae9d00ed769415f3",
        "is_verified": false,
        "line_number": 235
      }
    ],
    "docs/libraries/claude-agent-sdk-python-clean.md": [
      {
        "type": "Secret Keyword",
        "filename": "docs/libraries/claude-agent-sdk-python-clean.md",
        "hashed_secret": "11fa7c37d697f30e6aee828b4426a10f83ab2380",
        "is_verified": false,
        "line_number": 4034
      }
    ],
    "docs/libraries/software-agent-sdk-clean.md": [
      {
        "type": "Secret Keyword",
        "filename": "docs/libraries/software-agent-sdk-clean.md",
        "hashed_secret": "38abc48c1eb5838519ab0372fbf38f1eb0f3f73c",
        "is_verified": false,
        "line_number": 504
      },
      {
        "type": "Basic Auth Credentials",
        "filename": "docs/libraries/software-agent-sdk-clean.md",
        "hashed_secret": "5baa61e4c9b93f3f0682250b6cf8331b7ee68fd8",
        "is_verified": false,
        "line_number": 834
      },
      {
        "type": "Secret Keyword",
        "filename": "docs/libraries/software-agent-sdk-clean.md",
        "hashed_secret": "11fa7c37d697f30e6aee828b4426a10f83ab2380",
        "is_verified": false,
        "line_number": 1116
      },
      {
        "type": "Secret Keyword",
        "filename": "docs/libraries/software-agent-sdk-clean.md",
        "hashed_secret": "8bba45d27a5dad7b7be0826999885e7589ef4d89",
        "is_verified": false,
        "line_number": 1129
      },
      {
        "type": "Secret Keyword",
        "filename": "docs/libraries/software-agent-sdk-clean.md",
        "hashed_secret": "733eb26076faa24bc4b0991ea876f574520b577f",
        "is_verified": false,
        "line_number": 1218
      },
      {
        "type": "Secret Keyword",
        "filename": "docs/libraries/software-agent-sdk-clean.md",
        "hashed_secret": "7ffacf341eafd6cb8bca49b6c28d452cc211228b",
        "is_verified": false,
        "line_number": 1428
      },
      {
        "type": "Secret Keyword",
        "filename": "docs/libraries/software-agent-sdk-clean.md",
        "hashed_secret": "02a866fd2cd01a25beeb7c90da6e51cba996a9bc",
        "is_verified": false,
        "line_number": 1731
      },
      {
        "type": "Secret Keyword",
        "filename": "docs/libraries/software-agent-sdk-clean.md",
        "hashed_secret": "b790cfebf1cd30713edcddc5153b87812a42f55f",
        "is_verified": false,
        "line_number": 1990
      },
      {
        "type": "Secret Keyword",
        "filename": "docs/libraries/software-agent-sdk-clean.md",
        "hashed_secret": "9d36baa248022407f13a7cfac6be31ffcbbbfe31",
        "is_verified": false,
        "line_number": 4013
      },
      {
        "type": "Secret Keyword",
        "filename": "docs/libraries/software-agent-sdk-clean.md",
        "hashed_secret": "648f7c6b8f6b7acb4337ef0e9ca6bd1b8d7019d2",
        "is_verified": false,
        "line_number": 4028
      },
      {
        "type": "Secret Keyword",
        "filename": "docs/libraries/software-agent-sdk-clean.md",
        "hashed_secret": "da236049b87bdc45b12181cadd3784cb53e838ce",
        "is_verified": false,
        "line_number": 4236
      },
      {
        "type": "Secret Keyword",
        "filename": "docs/libraries/software-agent-sdk-clean.md",
        "hashed_secret": "a5b1f69381b606c7afda2dbb08ad0643b10e21a0",
        "is_verified": false,
        "line_number": 4442
      },
      {
        "type": "Secret Keyword",
        "filename": "docs/libraries/software-agent-sdk-clean.md",
        "hashed_secret": "5fed63460c95cc54144a6658102d05ba4f3661f1",
        "is_verified": false,
        "line_number": 4847
      },
      {
        "type": "Secret Keyword",
        "filename": "docs/libraries/software-agent-sdk-clean.md",
        "hashed_secret": "65a12467f50048eee1d2634c2b207c6d7c7b9375",
        "is_verified": false,
        "line_number": 5067
      },
      {
        "type": "Secret Keyword",
        "filename": "docs/libraries/software-agent-sdk-clean.md",
        "hashed_secret": "2ee7a0431d93a3fa0349b3bb0b28e8c7b7cbf843",
        "is_verified": false,
        "line_number": 6685
      },
      {
        "type": "Secret Keyword",
        "filename": "docs/libraries/software-agent-sdk-clean.md",
        "hashed_secret": "a10f77b130a91849ba5ab1f11e41fa728414b903",
        "is_verified": false,
        "line_number": 6687
      },
      {
        "type": "Secret Keyword",
        "filename": "docs/libraries/software-agent-sdk-clean.md",
        "hashed_secret": "3392b752ca825b0df2fd1d2024e6c72c73404732",
        "is_verified": false,
        "line_number": 6981
      }
    ],
    "docs/memory/README.md": [
      {
        "type": "Secret Keyword",
        "filename": "docs/memory/README.md",
        "hashed_secret": "ec3810e10fb78db55ce38b9c18d1c3eb1db739e0",
        "is_verified": false,
        "line_number": 100
      }
    ],
    "docs/page_flows/01_authentication.md": [
      {
        "type": "Secret Keyword",
        "filename": "docs/page_flows/01_authentication.md",
        "hashed_secret": "72559b51f94a7a3ad058c5740cbe2f7cb0d4080b",
        "is_verified": false,
        "line_number": 183
      },
      {
        "type": "Secret Keyword",
        "filename": "docs/page_flows/01_authentication.md",
        "hashed_secret": "052da94a6343dacf76068ae52e8f60afef31507e",
        "is_verified": false,
        "line_number": 326
      },
      {
        "type": "Secret Keyword",
        "filename": "docs/page_flows/01_authentication.md",
        "hashed_secret": "f9adc2a5795757efc547ecffe3e7b2736041e561",
        "is_verified": false,
        "line_number": 340
      },
      {
        "type": "Secret Keyword",
        "filename": "docs/page_flows/01_authentication.md",
        "hashed_secret": "2635cfb26a9c6a74dde1701ea01dd842d1243178",
        "is_verified": false,
        "line_number": 341
      }
    ],
    "docs/page_flows/08c_github_integration.md": [
      {
        "type": "Secret Keyword",
        "filename": "docs/page_flows/08c_github_integration.md",
        "hashed_secret": "18e56422469110007e2df6218e68d6bd1fa4ce98",
        "is_verified": false,
        "line_number": 397
      }
    ],
    "docs/user-authentication-system-spec.md": [
      {
        "type": "Secret Keyword",
        "filename": "docs/user-authentication-system-spec.md",
        "hashed_secret": "72559b51f94a7a3ad058c5740cbe2f7cb0d4080b",
        "is_verified": false,
        "line_number": 398
      },
      {
        "type": "Secret Keyword",
        "filename": "docs/user-authentication-system-spec.md",
        "hashed_secret": "4d81c30a1e76bc8adbbb6af9fc64162241e13f34",
        "is_verified": false,
        "line_number": 596
      }
    ],
    "frontend/lib/analytics/events.ts": [
      {
        "type": "Secret Keyword",
        "filename": "frontend/lib/analytics/events.ts",
        "hashed_secret": "6a126001ac49f7fc16eeebf6d21a4d1ec75394a0",
        "is_verified": false,
        "line_number": 29
      },
      {
        "type": "Secret Keyword",
        "filename": "frontend/lib/analytics/events.ts",
        "hashed_secret": "b6c6737ecc3f13a047bd9cc8a8c88432f4aa5ccc",
        "is_verified": false,
        "line_number": 30
      }
    ],
    "scripts/lead-generation/README.md": [
      {
        "type": "Secret Keyword",
        "filename": "scripts/lead-generation/README.md",
        "hashed_secret": "aecdccc1cf64595b34e0cc152d238daabb32183a",
        "is_verified": false,
        "line_number": 18
      }
    ],
    "scripts/lead-generation/apollo_lead_finder.py": [
      {
        "type": "Secret Keyword",
        "filename": "scripts/lead-generation/apollo_lead_finder.py",
        "hashed_secret": "aecdccc1cf64595b34e0cc152d238daabb32183a",
        "is_verified": false,
        "line_number": 9
      }
    ],
    "scripts/marketing/README.md": [
      {
        "type": "Secret Keyword",
        "filename": "scripts/marketing/README.md",
        "hashed_secret": "cf4a956e75901c220c0f5fbaec41987fc6177345",
        "is_verified": false,
        "line_number": 23
      }
    ],
    "scripts/marketing/api-1.json": [
      {
        "type": "Hex High Entropy String",
        "filename": "scripts/marketing/api-1.json",
        "hashed_secret": "323b5f30fd46dcaeeb6aed6df873b62cf585861f",
        "is_verified": false,
        "line_number": 2163
      }
    ],
    "scripts/marketing/schedule_week.py": [
      {
        "type": "Secret Keyword",
        "filename": "scripts/marketing/schedule_week.py",
        "hashed_secret": "a3e14ca24483c78554c083bc907c7194c7846ef1",
        "is_verified": false,
        "line_number": 370
      }
    ],
    "scripts/marketing/typefully_dynamic.py": [
      {
        "type": "Secret Keyword",
        "filename": "scripts/marketing/typefully_dynamic.py",
        "hashed_secret": "a3e14ca24483c78554c083bc907c7194c7846ef1",
        "is_verified": false,
        "line_number": 407
      }
    ],
    "scripts/marketing/typefully_scheduler.py": [
      {
        "type": "Secret Keyword",
        "filename": "scripts/marketing/typefully_scheduler.py",
        "hashed_secret": "a3e14ca24483c78554c083bc907c7194c7846ef1",
        "is_verified": false,
        "line_number": 1251
      }
    ],
    "subsystems/spec-sandbox/.claude/skills/spec-driven-dev/references/design_output.json": [
      {
        "type": "Secret Keyword",
        "filename": "subsystems/spec-sandbox/.claude/skills/spec-driven-dev/references/design_output.json",
        "hashed_secret": "e3f53297f359c4d8331e5f7652370440efb808f2",
        "is_verified": false,
        "line_number": 16
      }
    ],
    "subsystems/spec-sandbox/scripts/test_real_execution.py": [
      {
        "type": "Secret Keyword",
        "filename": "subsystems/spec-sandbox/scripts/test_real_execution.py",
        "hashed_secret": "f8ca0d7266886f4b5be9adddc9b66017b3bf1a4b",
        "is_verified": false,
        "line_number": 158
      }
    ],
    "subsystems/spec-sandbox/scripts/test_sync_to_db.py": [
      {
        "type": "Basic Auth Credentials",
        "filename": "subsystems/spec-sandbox/scripts/test_sync_to_db.py",
        "hashed_secret": "afc848c316af1a89d49826c5ae9d00ed769415f3",
        "is_verified": false,
        "line_number": 36
      }
    ],
    "subsystems/spec-sandbox/src/spec_sandbox/services/ticket_creator.py": [
      {
        "type": "Secret Keyword",
        "filename": "subsystems/spec-sandbox/src/spec_sandbox/services/ticket_creator.py",
        "hashed_secret": "ec3810e10fb78db55ce38b9c18d1c3eb1db739e0",
        "is_verified": false,
        "line_number": 91
      }
    ]
  },
  "generated_at": "2026-02-07T14:28:00Z"
}
